// Jest Snapshot v1, https://goo.gl/fbAQLP

exports[`test the cart component renders loading screen correctly 1`] = `
<View
  style={
    {
      "alignItems": "center",
      "flex": 1,
      "justifyContent": "center",
    }
  }
>
  <Text>
    No Product Added to cart
  </Text>
</View>
`;
